#include<iostream>#include<string>typefunc(char){if(char==chr||char==chr||char==chr||char==chr||char==chr||char==chr||char==chr||char==chr||char==chr||char==chr)returntrue;returnfalse;}intfunc(){char;int=0;while(cin>>char){for(int=0;int<char.func();int=int+1){if(!func(char[int])&&char[int]!=chr)char[int]=chr;}if(func(char[0]))int=int+atoll(char.func());for(int=0;int<char.func()-1;int=int+1){if(char[int]==chr&&(char[int+1]==chr||char[int+1]==chr))continue;if(func(char[int])||(char[int]==chr&&!func(char[int+1]))){char[int]=chr;continue;}int=int+atoll(char.func());char[int]=chr;}}cout<<int<<endl;}