#include<iostream>#include<string>intfunc(){int=0;int=0;char;int=1;int=1;type=0;while(getline(cin,char)){for(int=0;int<char.func();int=int+1){if(char[int]==chr){int=-1;int=int+int;int=0;int=1;continue;}if((char[int]==chr)||(char[int]==chr)||(char[int]==chr)||(char[int]==chr)||(char[int]==chr)||(char[int]==chr)||(char[int]==chr)||(char[int]==chr)||(char[int]==chr)||(char[int]==chr)){int=int*int+static_cast<int>(char[int])-chr;int=10;if(int==char.func()-1){if(int==-1)int=(-1)*int;int=1;int=int+int;int=0;int=1;}}else{if(int==-1)int=(-1)*int;int=1;int=int+int;int=0;int=1;}}}cout<<int<<endl;}